// Jest Snapshot v1, https://goo.gl/fbAQLP

exports[`matches snapshot 1`] = `
<DocumentFragment>
  <div>
    <form>
      <input
        id="search-term"
        name="searchTerm"
        placeholder="Search Here"
        type="text"
      />
      <button>
        Search
      </button>
    </form>
    Loading
  </div>
</DocumentFragment>
`;
