// Jest Snapshot v1, https://goo.gl/fbAQLP

exports[`matches snapshot 1`] = `
<DocumentFragment>
  <div>
    <form>
      <input
        id="username"
        name="username"
        placeholder="Username"
        type="text"
        value=""
      />
      <input
        id="password"
        name="password"
        placeholder="Password"
        type="password"
        value=""
      />
      <input
        id="firstName"
        name="firstName"
        placeholder="First Name"
        type="text"
        value=""
      />
      <input
        id="lastName"
        name="lastName"
        placeholder="Last Name"
        type="text"
        value=""
      />
      <input
        id="email"
        name="email"
        placeholder="Email Address"
        type="text"
        value=""
      />
      <button>
        Submit
      </button>
    </form>
  </div>
</DocumentFragment>
`;
